estudo git hub



ezion@ezito MINGW64 ~
$ git add commit1.txt
fatal: not a git repository (or any of the parent directories): .git

ezion@ezito MINGW64 ~
$ ls
 -1.14-windows.xml
'3D Objects'/
'Ambiente de Impressão'@
'Ambiente de Rede'@
 AndroidStudioProjects/
 AppData/
 Colors/
'Configurações Locais'@
 Contacts/
 Cookies@
'Dados de Aplicativos'@
 Desktop/
 Documents/
 Downloads/
 Favorites/
 IntelGraphicsProfiles/
 Links/
'Menu Iniciar'@
'Meus Documentos'@
 Modelos@
 Music/
'My project'/
 NTUSER.DAT
 NTUSER.DAT{030f58c7-4a19-11ef-a324-f4ce23da54d1}.TM.blf
 NTUSER.DAT{030f58c7-4a19-11ef-a324-f4ce23da54d1}.TMContainer00000000000000000001.regtrans-ms
 NTUSER.DAT{030f58c7-4a19-11ef-a324-f4ce23da54d1}.TMContainer00000000000000000002.regtrans-ms
 NTUSER.DAT{a2332f18-cdbf-11ec-8680-002248483d79}.TM.blf
 NTUSER.DAT{a2332f18-cdbf-11ec-8680-002248483d79}.TMContainer00000000000000000001.regtrans-ms
 NTUSER.DAT{a2332f18-cdbf-11ec-8680-002248483d79}.TMContainer00000000000000000002.regtrans-ms
 OneDrive/
 Recent@
'Saved Games'/
 Searches/
 SendTo@
 Tracing/
 Videos/
'VirtualBox VMs'/
 ansel/
 cd
 default/
 downloadtemp/
 ibisPaint/
'jogo aleatorio'/
 ntuser.dat.LOG1
 ntuser.dat.LOG2
 ntuser.ini
 pretalab---c12---projeto-Nathalia-Moreira/
'wii-cursor-by-stefano-tinaglia(1).zip'

ezion@ezito MINGW64 ~
$ ls nathalia
ls: cannot access 'nathalia': No such file or directory

ezion@ezito MINGW64 ~
$ cd nathalia
bash: cd: nathalia: No such file or directory

ezion@ezito MINGW64 ~
$ cd Nathalia
bash: cd: Nathalia: No such file or directory

ezion@ezito MINGW64 ~
$ cd documents

ezion@ezito MINGW64 ~/documents
$ cd nathalia

ezion@ezito MINGW64 ~/documents/nathalia
$ cd pretalab1

ezion@ezito MINGW64 ~/documents/nathalia/pretalab1
$ ls
pretalab---c12---projeto-Nathalia-Moreira/
pretalab---c12---projeto-Nathalia-Moreira.git

ezion@ezito MINGW64 ~/documents/nathalia/pretalab1
$ cd pretalab---c12---projeto-Nathalia-moreira

ezion@ezito MINGW64 ~/documents/nathalia/pretalab1/pretalab---c12---projeto-Nathalia-moreira (main)
$ git status
On branch main
Your branch is behind 'origin/main' by 3 commits, and can be fast-forwarded.
  (use "git pull" to update your local branch)

Changes to be committed:
  (use "git restore --staged <file>..." to unstage)
        modified:   README.md
        new file:   pretalab---c12---projeto-Nathalia-Moreira

Changes not staged for commit:
  (use "git add <file>..." to update what will be committed)
  (use "git restore <file>..." to discard changes in working directory)
  (commit or discard the untracked or modified content in submodules)
        modified:   pretalab---c12---projeto-Nathalia-Moreira (untracked content)


ezion@ezito MINGW64 ~/documents/nathalia/pretalab1/pretalab---c12---projeto-Nathalia-moreira (main)
$ git add .

ezion@ezito MINGW64 ~/documents/nathalia/pretalab1/pretalab---c12---projeto-Nathalia-moreira (main)
$ git status
On branch main
Your branch is behind 'origin/main' by 3 commits, and can be fast-forwarded.
  (use "git pull" to update your local branch)

Changes to be committed:
  (use "git restore --staged <file>..." to unstage)
        modified:   README.md
        new file:   pretalab---c12---projeto-Nathalia-Moreira

Changes not staged for commit:
  (use "git add <file>..." to update what will be committed)
  (use "git restore <file>..." to discard changes in working directory)
  (commit or discard the untracked or modified content in submodules)
        modified:   pretalab---c12---projeto-Nathalia-Moreira (untracked content)


ezion@ezito MINGW64 ~/documents/nathalia/pretalab1/pretalab---c12---projeto-Nathalia-moreira (main)
$ git add commit 1
fatal: pathspec 'commit' did not match any files

ezion@ezito MINGW64 ~/documents/nathalia/pretalab1/pretalab---c12---projeto-Nathalia-moreira (main)
$ git add commit 1.txt
fatal: pathspec 'commit' did not match any files

ezion@ezito MINGW64 ~/documents/nathalia/pretalab1/pretalab---c12---projeto-Nathalia-moreira (main)
$ git add .

ezion@ezito MINGW64 ~/documents/nathalia/pretalab1/pretalab---c12---projeto-Nathalia-moreira (main)
$ git add commit1.txt
fatal: pathspec 'commit1.txt' did not match any files

ezion@ezito MINGW64 ~/documents/nathalia/pretalab1/pretalab---c12---projeto-Nathalia-moreira (main)
$ git status
On branch main
Your branch is behind 'origin/main' by 3 commits, and can be fast-forwarded.
  (use "git pull" to update your local branch)

Changes to be committed:
  (use "git restore --staged <file>..." to unstage)
        modified:   README.md
        new file:   pretalab---c12---projeto-Nathalia-Moreira

Changes not staged for commit:
  (use "git add <file>..." to update what will be committed)
  (use "git restore <file>..." to discard changes in working directory)
  (commit or discard the untracked or modified content in submodules)
        modified:   pretalab---c12---projeto-Nathalia-Moreira (untracked content)


ezion@ezito MINGW64 ~/documents/nathalia/pretalab1/pretalab---c12---projeto-Nathalia-moreira (main)
$ git add commit1.txt
fatal: pathspec 'commit1.txt' did not match any files

ezion@ezito MINGW64 ~/documents/nathalia/pretalab1/pretalab---c12---projeto-Nathalia-moreira (main)
$ git add .

ezion@ezito MINGW64 ~/documents/nathalia/pretalab1/pretalab---c12---projeto-Nathalia-moreira (main)
$ git push
fatal: User cancelled dialog.
error: unable to read askpass response from 'C:/Program Files/Git/mingw64/bin/git-askpass.exe'
Password for 'https://github.com':
remote: No anonymous write access.
fatal: Authentication failed for 'https://github.com/eunathmoreira/pretalab---c12---projeto-Nathalia-Moreira.git/'

ezion@ezito MINGW64 ~/documents/nathalia/pretalab1/pretalab---c12---projeto-Nathalia-moreira (main)
$

ezion@ezito MINGW64 ~/documents/nathalia/pretalab1/pretalab---c12---projeto-Nathalia-moreira (main)
$ git add commit1.txt
fatal: pathspec 'commit1.txt' did not match any files

ezion@ezito MINGW64 ~/documents/nathalia/pretalab1/pretalab---c12---projeto-Nathalia-moreira (main)
$ git commit -m "commint1"
Author identity unknown

*** Please tell me who you are.

Run

  git config --global user.email "you@example.com"
  git config --global user.name "Your Name"

to set your account's default identity.
Omit --global to set the identity only in this repository.

fatal: unable to auto-detect email address (got 'ezion@ezito.(none)')

ezion@ezito MINGW64 ~/documents/nathalia/pretalab1/pretalab---c12---projeto-Nathalia-moreira (main)
$ git commit
Author identity unknown

*** Please tell me who you are.

Run

  git config --global user.email "you@example.com"
  git config --global user.name "Your Name"

to set your account's default identity.
Omit --global to set the identity only in this repository.

fatal: unable to auto-detect email address (got 'ezion@ezito.(none)')

ezion@ezito MINGW64 ~/documents/nathalia/pretalab1/pretalab---c12---projeto-Nathalia-moreira (main)
$ git commit "commit1.txt"
error: pathspec 'commit1.txt' did not match any file(s) known to git

ezion@ezito MINGW64 ~/documents/nathalia/pretalab1/pretalab---c12---projeto-Nathalia-moreira (main)
$ add commut -m " doc commit1,txt"
bash: add: command not found

ezion@ezito MINGW64 ~/documents/nathalia/pretalab1/pretalab---c12---projeto-Nathalia-moreira (main)
$ doc commit1 m- " docs:reverter o commint"
bash: doc: command not found

ezion@ezito MINGW64 ~/documents/nathalia/pretalab1/pretalab---c12---projeto-Nathalia-moreira (main)
$ git log
commit 8a00e3de9794813f4976b1e946ebaffd1c3c9291 (HEAD -> main)
Author: eunathmoreira <nathaliamoreira.costa@gmail.com>
Date:   Fri Nov 15 08:18:26 2024 -0300

     README.md

ezion@ezito MINGW64 ~/documents/nathalia/pretalab1/pretalab---c12---projeto-Nathalia-moreira (main)
$

ezion@ezito MINGW64 ~/documents/nathalia/pretalab1/pretalab---c12---projeto-Nathalia-moreira (main)
$ git resert/ heat-0
git: 'resert/' is not a git command. See 'git --help'.

The most similar command is
        revert

ezion@ezito MINGW64 ~/documents/nathalia/pretalab1/pretalab---c12---projeto-Nathalia-moreira (main)
$ git commit -m "DOC commit1.txt"
Author identity unknown

*** Please tell me who you are.

Run

  git config --global user.email "you@example.com"
  git config --global user.name "Your Name"

to set your account's default identity.
Omit --global to set the identity only in this repository.

fatal: unable to auto-detect email address (got 'ezion@ezito.(none)')

ezion@ezito MINGW64 ~/documents/nathalia/pretalab1/pretalab---c12---projeto-Nathalia-moreira (main)
$ git reset head~
fatal: ambiguous argument 'head~': unknown revision or path not in the working tree.
Use '--' to separate paths from revisions, like this:
'git <command> [<revision>...] -- [<file>...]'

ezion@ezito MINGW64 ~/documents/nathalia/pretalab1/pretalab---c12---projeto-Nathalia-moreira (main)
$ git add
Nothing specified, nothing added.
hint: Maybe you wanted to say 'git add .'?
hint: Disable this message with "git config advice.addEmptyPathspec false"

ezion@ezito MINGW64 ~/documents/nathalia/pretalab1/pretalab---c12---projeto-Nathalia-moreira (main)
$ git add .

ezion@ezito MINGW64 ~/documents/nathalia/pretalab1/pretalab---c12---projeto-Nathalia-moreira (main)
$ git log
commit 8a00e3de9794813f4976b1e946ebaffd1c3c9291 (HEAD -> main)
Author: eunathmoreira <nathaliamoreira.costa@gmail.com>
Date:   Fri Nov 15 08:18:26 2024 -0300

     README.md

ezion@ezito MINGW64 ~/documents/nathalia/pretalab1/pretalab---c12---projeto-Nathalia-moreira (main)
$ git revert head ~
fatal: bad revision 'C:/Users/ezion'

ezion@ezito MINGW64 ~/documents/nathalia/pretalab1/pretalab---c12---projeto-Nathalia-moreira (main)
$ git commit -m "docs: commit1 novo revert "
Author identity unknown

*** Please tell me who you are.

Run

  git config --global user.email "you@example.com"
  git config --global user.name "Your Name"

to set your account's default identity.
Omit --global to set the identity only in this repository.

fatal: unable to auto-detect email address (got 'ezion@ezito.(none)')

ezion@ezito MINGW64 ~/documents/nathalia/pretalab1/pretalab---c12---projeto-Nathalia-moreira (main)
$ git log
commit 8a00e3de9794813f4976b1e946ebaffd1c3c9291 (HEAD -> main)
Author: eunathmoreira <nathaliamoreira.costa@gmail.com>
Date:   Fri Nov 15 08:18:26 2024 -0300

     README.md

ezion@ezito MINGW64 ~/documents/nathalia/pretalab1/pretalab---c12---projeto-Nathalia-moreira (main)
$ git add .

ezion@ezito MINGW64 ~/documents/nathalia/pretalab1/pretalab---c12---projeto-Nathalia-moreira (main)
$ git reset head~1
fatal: ambiguous argument 'head~1': unknown revision or path not in the working tree.
Use '--' to separate paths from revisions, like this:
'git <command> [<revision>...] -- [<file>...]'

ezion@ezito MINGW64 ~/documents/nathalia/pretalab1/pretalab---c12---projeto-Nathalia-moreira (main)
$ git add commit2
fatal: pathspec 'commit2' did not match any files

ezion@ezito MINGW64 ~/documents/nathalia/pretalab1/pretalab---c12---projeto-Nathalia-moreira (main)
$ git log
commit 8a00e3de9794813f4976b1e946ebaffd1c3c9291 (HEAD -> main)
Author: eunathmoreira <nathaliamoreira.costa@gmail.com>
Date:   Fri Nov 15 08:18:26 2024 -0300

     README.md

ezion@ezito MINGW64 ~/documents/nathalia/pretalab1/pretalab---c12---projeto-Nathalia-moreira (main)
$ git reset HEAD-2
fatal: ambiguous argument 'HEAD-2': unknown revision or path not in the working tree.
Use '--' to separate paths from revisions, like this:
'git <command> [<revision>...] -- [<file>...]'

ezion@ezito MINGW64 ~/documents/nathalia/pretalab1/pretalab---c12---projeto-Nathalia-moreira (main)
$ git stash pop
No stash entries found.

ezion@ezito MINGW64 ~/documents/nathalia/pretalab1/pretalab---c12---projeto-Nathalia-moreira (main)
$ git stash
Saved working directory and index state WIP on main: 8a00e3d  README.md
warning: unable to rmdir 'pretalab---c12---projeto-Nathalia-Moreira': Directory not empty

ezion@ezito MINGW64 ~/documents/nathalia/pretalab1/pretalab---c12---projeto-Nathalia-moreira (main)
$
